[     455ms] [WARNING] [react-ga] ReactGA.initialize must be called first or GoogleAnalytics should be loaded manually @ webpack:///./node_modules/react-ga/dist/esm/index.js_+_12_modules?:31
[    1037ms] Error: The browser has been detected as a bot.
    at feAxios (webpack:///./lib/axios.js?:40:11)
    at getServerTimestamp (webpack:///./api/service.js?:367:92)
    at eval (webpack:///./hook/index.js_+_42_modules?:1375:51)
    at fk (webpack:///./node_modules/react-dom/cjs/react-dom.production.min.js?:262:359)
    at exports.unstable_runWithPriority (webpack:///./node_modules/scheduler/cjs/scheduler.production.min.js?:18:343)
    at gg (webpack:///./node_modules/react-dom/cjs/react-dom.production.min.js?:122:325)
    at Oj (webpack:///./node_modules/react-dom/cjs/react-dom.production.min.js?:261:308)
    at Lj (webpack:///./node_modules/react-dom/cjs/react-dom.production.min.js?:243:50)
    at eval (webpack:///./node_modules/react-dom/cjs/react-dom.production.min.js?:123:115)
    at exports.unstable_runWithPriority (webpack:///./node_modules/scheduler/cjs/scheduler.production.min.js?:18:343)
[    1037ms] Error: The browser has been detected as a bot.
    at feAxios (webpack:///./lib/axios.js?:40:11)
    at getLoginInfo (webpack:///./api/member.js?:53:92)
    at eval (webpack:///./hook/index.js_+_42_modules?:881:43)
    at fk (webpack:///./node_modules/react-dom/cjs/react-dom.production.min.js?:262:359)
    at exports.unstable_runWithPriority (webpack:///./node_modules/scheduler/cjs/scheduler.production.min.js?:18:343)
    at gg (webpack:///./node_modules/react-dom/cjs/react-dom.production.min.js?:122:325)
    at Oj (webpack:///./node_modules/react-dom/cjs/react-dom.production.min.js?:261:308)
    at Lj (webpack:///./node_modules/react-dom/cjs/react-dom.production.min.js?:243:50)
    at eval (webpack:///./node_modules/react-dom/cjs/react-dom.production.min.js?:123:115)
    at exports.unstable_runWithPriority (webpack:///./node_modules/scheduler/cjs/scheduler.production.min.js?:18:343)
[    1037ms] Error: The browser has been detected as a bot.
    at feAxios (webpack:///./lib/axios.js?:40:11)
    at getIssueKeywords (webpack:///./api/service.js?:143:92)
    at eval (webpack:///./page/Home/index.js_+_19_modules?:2057:48)
    at fk (webpack:///./node_modules/react-dom/cjs/react-dom.production.min.js?:262:359)
    at exports.unstable_runWithPriority (webpack:///./node_modules/scheduler/cjs/scheduler.production.min.js?:18:343)
    at gg (webpack:///./node_modules/react-dom/cjs/react-dom.production.min.js?:122:325)
    at Oj (webpack:///./node_modules/react-dom/cjs/react-dom.production.min.js?:261:308)
    at Lj (webpack:///./node_modules/react-dom/cjs/react-dom.production.min.js?:243:50)
    at eval (webpack:///./node_modules/react-dom/cjs/react-dom.production.min.js?:123:115)
    at exports.unstable_runWithPriority (webpack:///./node_modules/scheduler/cjs/scheduler.production.min.js?:18:343)
[    1037ms] Error: The browser has been detected as a bot.
    at feAxios (webpack:///./lib/axios.js?:40:11)
    at getAiBriefingPublisherList (webpack:///./api/service.js?:458:92)
    at eval (webpack:///./page/Home/index.js_+_19_modules?:2058:58)
    at fk (webpack:///./node_modules/react-dom/cjs/react-dom.production.min.js?:262:359)
    at exports.unstable_runWithPriority (webpack:///./node_modules/scheduler/cjs/scheduler.production.min.js?:18:343)
    at gg (webpack:///./node_modules/react-dom/cjs/react-dom.production.min.js?:122:325)
    at Oj (webpack:///./node_modules/react-dom/cjs/react-dom.production.min.js?:261:308)
    at Lj (webpack:///./node_modules/react-dom/cjs/react-dom.production.min.js?:243:50)
    at eval (webpack:///./node_modules/react-dom/cjs/react-dom.production.min.js?:123:115)
    at exports.unstable_runWithPriority (webpack:///./node_modules/scheduler/cjs/scheduler.production.min.js?:18:343)
[    1037ms] Error: The browser has been detected as a bot.
    at feAxios (webpack:///./lib/axios.js?:40:11)
    at getAllMembersCount (webpack:///./api/member.js?:276:92)
    at eval (webpack:///./page/Home/index.js_+_19_modules?:2062:49)
    at fk (webpack:///./node_modules/react-dom/cjs/react-dom.production.min.js?:262:359)
    at exports.unstable_runWithPriority (webpack:///./node_modules/scheduler/cjs/scheduler.production.min.js?:18:343)
    at gg (webpack:///./node_modules/react-dom/cjs/react-dom.production.min.js?:122:325)
    at Oj (webpack:///./node_modules/react-dom/cjs/react-dom.production.min.js?:261:308)
    at Lj (webpack:///./node_modules/react-dom/cjs/react-dom.production.min.js?:243:50)
    at eval (webpack:///./node_modules/react-dom/cjs/react-dom.production.min.js?:123:115)
    at exports.unstable_runWithPriority (webpack:///./node_modules/scheduler/cjs/scheduler.production.min.js?:18:343)
[    1116ms] [ERROR] Failed to load resource: the server responded with a status of 401 () @ https://api.channel.io/front/v8/elastic/plugins/04a98aec-c3aa-4dd5-b10c-81f1fffb3122/boot:0
[    1460ms] [LOG] window.prerenderReady is set to true @ webpack:///./index.js_+_78_modules?:5436
[   15902ms] Error: The browser has been detected as a bot.
    at feAxios (webpack:///./lib/axios.js?:40:11)
    at getServerTimestamp (webpack:///./api/service.js?:367:92)
    at eval (webpack:///./hook/index.js_+_42_modules?:1375:51)
    at fk (webpack:///./node_modules/react-dom/cjs/react-dom.production.min.js?:262:359)
    at exports.unstable_runWithPriority (webpack:///./node_modules/scheduler/cjs/scheduler.production.min.js?:18:343)
    at gg (webpack:///./node_modules/react-dom/cjs/react-dom.production.min.js?:122:325)
    at Oj (webpack:///./node_modules/react-dom/cjs/react-dom.production.min.js?:261:308)
    at eval (webpack:///./node_modules/react-dom/cjs/react-dom.production.min.js?:261:215)
    at V (webpack:///./node_modules/scheduler/cjs/scheduler.production.min.js?:16:224)
    at F.port1.onmessage (webpack:///./node_modules/scheduler/cjs/scheduler.production.min.js?:12:346)
[   15902ms] Error: The browser has been detected as a bot.
    at feAxios (webpack:///./lib/axios.js?:40:11)
    at getLoginInfo (webpack:///./api/member.js?:53:92)
    at eval (webpack:///./hook/index.js_+_42_modules?:881:43)
    at fk (webpack:///./node_modules/react-dom/cjs/react-dom.production.min.js?:262:359)
    at exports.unstable_runWithPriority (webpack:///./node_modules/scheduler/cjs/scheduler.production.min.js?:18:343)
    at gg (webpack:///./node_modules/react-dom/cjs/react-dom.production.min.js?:122:325)
    at Oj (webpack:///./node_modules/react-dom/cjs/react-dom.production.min.js?:261:308)
    at eval (webpack:///./node_modules/react-dom/cjs/react-dom.production.min.js?:261:215)
    at V (webpack:///./node_modules/scheduler/cjs/scheduler.production.min.js?:16:224)
    at F.port1.onmessage (webpack:///./node_modules/scheduler/cjs/scheduler.production.min.js?:12:346)
