[     932ms] [INFO] 框架和 SDK 输出的日志默认不展示，可在框架配置文件中设置开启，详见 https://doc.weixin.qq.com/doc/w3_AWkASAb9APAr8IdJI5VS0OyqetUE6?scode=ANAAyQcbAAgB8qKjm9AWkASAb9APA @ https://fe-static.xhscdn.com/formula-static/xhs-pc-web/public/resource/js/vendor-dynamic.0ce36722.js:0
[     983ms] [LOG] Error @ :2
[    1106ms] [LOG] Error @ :2
[    1124ms] [LOG] Error @ :2
[    1428ms] [ERROR] Hydration completed but contains mismatches. @ https://fe-static.xhscdn.com/formula-static/xhs-pc-web/public/resource/js/vendor.f7bfc54c.js:0
[    1640ms] [LOG] Error @ :2
[    1658ms] [LOG] Error @ :2
[    1664ms] [LOG] Error @ :2
[    1670ms] [LOG] Error @ :2
[    1820ms] [LOG] Service Worker registered success with scope: https://www.xiaohongshu.com/ @ https://fe-static.xhscdn.com/formula-static/xhs-pc-web/public/resource/js/index.0280008a.js:0
[    1932ms] [ERROR] [loginStatusInterceptor] Response error: HTTPServerError: 无登录信息，或登录信息为空
    at fulfilled (https://fe-static.xhscdn.com/formula-static/xhs-pc-web/public/resource/js/vendor-dynamic.0ce36722.js:1:197801)
    at https://fe-static.xhscdn.com/formula-static/xhs-pc-web/public/resource/js/vendor-dynamic.0ce36722.js:1:198330 {data: Object, status: 401, statusText: , headers: Object, config: Object} {url: //edith.xiaohongshu.com/api/sns/web/v1/system/config, method: get, headers: Object, transformRequest: Array(1), transformResponse: Array(1)} @ https://fe-static.xhscdn.com/formula-static/xhs-pc-web/public/resource/js/index.0280008a.js:0
[    1935ms] [ERROR] [loginStatusInterceptor] Response error: HTTPServerError: 无登录信息，或登录信息为空
    at fulfilled (https://fe-static.xhscdn.com/formula-static/xhs-pc-web/public/resource/js/vendor-dynamic.0ce36722.js:1:197801)
    at https://fe-static.xhscdn.com/formula-static/xhs-pc-web/public/resource/js/vendor-dynamic.0ce36722.js:1:198330 {data: Object, status: 401, statusText: , headers: Object, config: Object} {url: //edith.xiaohongshu.com/api/sns/web/v2/user/me, method: get, headers: Object, transformRequest: Array(1), transformResponse: Array(1)} @ https://fe-static.xhscdn.com/formula-static/xhs-pc-web/public/resource/js/index.0280008a.js:0
[    1943ms] [LOG] Error @ :2
[    2110ms] [LOG] Error @ :2
[    2130ms] [ERROR] [loginStatusInterceptor] Response error: HTTPServerError: 无登录信息，或登录信息为空
    at fulfilled (https://fe-static.xhscdn.com/formula-static/xhs-pc-web/public/resource/js/vendor-dynamic.0ce36722.js:1:197801)
    at https://fe-static.xhscdn.com/formula-static/xhs-pc-web/public/resource/js/vendor-dynamic.0ce36722.js:1:198330 {data: Object, status: 401, statusText: , headers: Object, config: Object} {url: //edith.xiaohongshu.com/api/sns/web/v2/user/me, method: get, headers: Object, transformRequest: Array(1), transformResponse: Array(1)} @ https://fe-static.xhscdn.com/formula-static/xhs-pc-web/public/resource/js/index.0280008a.js:0
[    2170ms] [ERROR] Failed to load resource: the server responded with a status of 461 () @ https://edith.xiaohongshu.com/api/sns/web/v1/login/activate:0
[    2173ms] [ERROR] [loginStatusInterceptor] Response error: TypeError: Cannot read properties of undefined (reading 'status')
    at fulfilled (https://fe-static.xhscdn.com/formula-static/xhs-pc-web/public/resource/js/vendor-dynamic.0ce36722.js:1:197508)
    at https://fe-static.xhscdn.com/formula-static/xhs-pc-web/public/resource/js/vendor-dynamic.0ce36722.js:1:198330 null undefined @ https://fe-static.xhscdn.com/formula-static/xhs-pc-web/public/resource/js/index.0280008a.js:0
[    2191ms] [LOG] Error @ :2
[    2201ms] [LOG] Error @ :2
[    2216ms] [ERROR] [loginStatusInterceptor] Response error: HTTPServerError: 无登录信息，或登录信息为空
    at fulfilled (https://fe-static.xhscdn.com/formula-static/xhs-pc-web/public/resource/js/vendor-dynamic.0ce36722.js:1:197801)
    at https://fe-static.xhscdn.com/formula-static/xhs-pc-web/public/resource/js/vendor-dynamic.0ce36722.js:1:198330 {data: Object, status: 401, statusText: , headers: Object, config: Object} {url: //edith.xiaohongshu.com/api/sns/web/v2/user/me, method: get, headers: Object, transformRequest: Array(1), transformResponse: Array(1)} @ https://fe-static.xhscdn.com/formula-static/xhs-pc-web/public/resource/js/index.0280008a.js:0
[    2311ms] [ERROR] [loginStatusInterceptor] Response error: HTTPServerError: 无登录信息，或登录信息为空
    at fulfilled (https://fe-static.xhscdn.com/formula-static/xhs-pc-web/public/resource/js/vendor-dynamic.0ce36722.js:1:197801)
    at https://fe-static.xhscdn.com/formula-static/xhs-pc-web/public/resource/js/vendor-dynamic.0ce36722.js:1:198330 {data: Object, status: 401, statusText: , headers: Object, config: Object} {url: //edith.xiaohongshu.com/api/sns/web/v2/user/me, method: get, headers: Object, transformRequest: Array(1), transformResponse: Array(1)} @ https://fe-static.xhscdn.com/formula-static/xhs-pc-web/public/resource/js/index.0280008a.js:0
[    2314ms] [LOG] Error @ :2
[    2550ms] [INFO] 框架和 SDK 输出的日志默认不展示，可在框架配置文件中设置开启，详见 https://doc.weixin.qq.com/doc/w3_AWkASAb9APAr8IdJI5VS0OyqetUE6?scode=ANAAyQcbAAgB8qKjm9AWkASAb9APA @ https://fe-static.xhscdn.com/formula-static/fe-login/public/resource/js/library-launcher.3440f7a6.js:0
[    2580ms] [LOG] Error @ :2
[    2634ms] [LOG] Error @ :2
[    3762ms] [ERROR] Failed to load resource: net::ERR_FAILED @ chrome-extension://invalid/:0
[    3762ms] [ERROR] Failed to load resource: net::ERR_FAILED @ chrome-extension://invalid/:0
[    3762ms] [ERROR] Failed to load resource: net::ERR_FAILED @ chrome-extension://invalid/:0
[    3762ms] [ERROR] Failed to load resource: net::ERR_FAILED @ chrome-extension://invalid/:0
[    3762ms] [ERROR] Failed to load resource: net::ERR_FAILED @ chrome-extension://invalid/:0
[    3762ms] [ERROR] Failed to load resource: net::ERR_FAILED @ chrome-extension://invalid/:0
[    3763ms] [ERROR] Failed to load resource: net::ERR_FAILED @ chrome-extension://invalid/:0
[    3763ms] [ERROR] Failed to load resource: net::ERR_FAILED @ chrome-extension://invalid/:0
[    5758ms] [LOG] Error @ :2
[   23845ms] [ERROR] Failed to load resource: net::ERR_CONNECTION_TIMED_OUT @ https://apm-fe.xiaohongshu.com/api/data:0
[   32934ms] [ERROR] Failed to load resource: net::ERR_TIMED_OUT @ https://apm-fe.xiaohongshu.com/api/data:0
[   32965ms] [ERROR] Failed to load resource: net::ERR_TIMED_OUT @ https://apm-fe.xiaohongshu.com/api/data:0
[   33822ms] [ERROR] Failed to load resource: net::ERR_TIMED_OUT @ https://apm-fe.xiaohongshu.com/api/data:0
[   38013ms] [ERROR] Failed to load resource: net::ERR_TIMED_OUT @ https://apm-fe.xiaohongshu.com/api/data:0
[  122693ms] [LOG] Error @ :2
[  134711ms] [LOG] Error @ :2
[  146726ms] [LOG] Error @ :2
[  302956ms] [LOG] Error @ :2
[  609410ms] [LOG] Error @ :2
[  723161ms] [LOG] Error @ :2
[ 1209943ms] [LOG] Error @ :2
[ 1510096ms] [LOG] Error @ :2
[ 1580111ms] [LOG] Error @ :2
[ 1650127ms] [LOG] Error @ :2
[ 2020154ms] [LOG] Error @ :2
[ 2460392ms] [LOG] Error @ :2
[ 2523628ms] [LOG] Error @ :2
[ 2830424ms] [LOG] Error @ :2
[ 3123713ms] [LOG] Error @ :2
